2020/07/13 20:14:57 /Users/sasakidaisuke/go/src/awesomeProject/lesson.go:537: Exit.. open ffsfsf: no such file or directory
